// Jest Snapshot v1, https://goo.gl/fbAQLP

exports[`<ErrorBoundary /> should mount 1`] = `undefined`;

exports[`<ErrorBoundary /> should mount 2`] = `undefined`;
